[sim.study_b] OV4_n500_correct: n=500 arm=correct reps=500 wald-only
  [OV4_n500_correct] shard 1/20
  [OV4_n500_correct] shard 2/20
  [OV4_n500_correct] shard 3/20
  [OV4_n500_correct] shard 4/20
  [OV4_n500_correct] shard 5/20
  [OV4_n500_correct] shard 6/20
  [OV4_n500_correct] shard 7/20
  [OV4_n500_correct] shard 8/20
  [OV4_n500_correct] shard 9/20
  [OV4_n500_correct] shard 10/20
  [OV4_n500_correct] shard 11/20
  [OV4_n500_correct] shard 12/20
  [OV4_n500_correct] shard 13/20
  [OV4_n500_correct] shard 14/20
  [OV4_n500_correct] shard 15/20
  [OV4_n500_correct] shard 16/20
  [OV4_n500_correct] shard 17/20
  [OV4_n500_correct] shard 18/20
  [OV4_n500_correct] shard 19/20
  [OV4_n500_correct] shard 20/20
[sim.study_b] CN4_n500_correct: n=500 arm=correct reps=500 wald-only
  [CN4_n500_correct] shard 1/20
  [CN4_n500_correct] shard 2/20
  [CN4_n500_correct] shard 3/20
  [CN4_n500_correct] shard 4/20
  [CN4_n500_correct] shard 5/20
  [CN4_n500_correct] shard 6/20
  [CN4_n500_correct] shard 7/20
  [CN4_n500_correct] shard 8/20
  [CN4_n500_correct] shard 9/20
  [CN4_n500_correct] shard 10/20
  [CN4_n500_correct] shard 11/20
  [CN4_n500_correct] shard 12/20
  [CN4_n500_correct] shard 13/20
  [CN4_n500_correct] shard 14/20
  [CN4_n500_correct] shard 15/20
  [CN4_n500_correct] shard 16/20
  [CN4_n500_correct] shard 17/20
  [CN4_n500_correct] shard 18/20
  [CN4_n500_correct] shard 19/20
  [CN4_n500_correct] shard 20/20
[sim.study_b] done
