[sim.study_b] W_n250_oracle: n=250 arm=oracle reps=1000 wald-only
  [W_n250_oracle] shard 1/40
  [W_n250_oracle] shard 2/40
  [W_n250_oracle] shard 3/40
  [W_n250_oracle] shard 4/40
  [W_n250_oracle] shard 5/40
  [W_n250_oracle] shard 6/40
  [W_n250_oracle] shard 7/40
  [W_n250_oracle] shard 8/40
  [W_n250_oracle] shard 9/40
  [W_n250_oracle] shard 10/40
  [W_n250_oracle] shard 11/40
  [W_n250_oracle] shard 12/40
  [W_n250_oracle] shard 13/40
  [W_n250_oracle] shard 14/40
  [W_n250_oracle] shard 15/40
  [W_n250_oracle] shard 16/40
  [W_n250_oracle] shard 17/40
  [W_n250_oracle] shard 18/40
  [W_n250_oracle] shard 19/40
  [W_n250_oracle] shard 20/40
  [W_n250_oracle] shard 21/40
  [W_n250_oracle] shard 22/40
  [W_n250_oracle] shard 23/40
  [W_n250_oracle] shard 24/40
  [W_n250_oracle] shard 25/40
  [W_n250_oracle] shard 26/40
  [W_n250_oracle] shard 27/40
  [W_n250_oracle] shard 28/40
  [W_n250_oracle] shard 29/40
  [W_n250_oracle] shard 30/40
  [W_n250_oracle] shard 31/40
  [W_n250_oracle] shard 32/40
  [W_n250_oracle] shard 33/40
  [W_n250_oracle] shard 34/40
  [W_n250_oracle] shard 35/40
  [W_n250_oracle] shard 36/40
  [W_n250_oracle] shard 37/40
  [W_n250_oracle] shard 38/40
  [W_n250_oracle] shard 39/40
  [W_n250_oracle] shard 40/40
[sim.study_b] W_n250_correct: n=250 arm=correct reps=1000 wald-only
  [W_n250_correct] shard 1/40
  [W_n250_correct] shard 2/40
  [W_n250_correct] shard 3/40
  [W_n250_correct] shard 4/40
  [W_n250_correct] shard 5/40
  [W_n250_correct] shard 6/40
  [W_n250_correct] shard 7/40
  [W_n250_correct] shard 8/40
  [W_n250_correct] shard 9/40
  [W_n250_correct] shard 10/40
  [W_n250_correct] shard 11/40
  [W_n250_correct] shard 12/40
  [W_n250_correct] shard 13/40
  [W_n250_correct] shard 14/40
  [W_n250_correct] shard 15/40
  [W_n250_correct] shard 16/40
  [W_n250_correct] shard 17/40
  [W_n250_correct] shard 18/40
  [W_n250_correct] shard 19/40
  [W_n250_correct] shard 20/40
  [W_n250_correct] shard 21/40
  [W_n250_correct] shard 22/40
  [W_n250_correct] shard 23/40
  [W_n250_correct] shard 24/40
  [W_n250_correct] shard 25/40
  [W_n250_correct] shard 26/40
  [W_n250_correct] shard 27/40
  [W_n250_correct] shard 28/40
  [W_n250_correct] shard 29/40
  [W_n250_correct] shard 30/40
  [W_n250_correct] shard 31/40
  [W_n250_correct] shard 32/40
  [W_n250_correct] shard 33/40
  [W_n250_correct] shard 34/40
  [W_n250_correct] shard 35/40
  [W_n250_correct] shard 36/40
  [W_n250_correct] shard 37/40
  [W_n250_correct] shard 38/40
  [W_n250_correct] shard 39/40
  [W_n250_correct] shard 40/40
[sim.study_b] W_n500_oracle: n=500 arm=oracle reps=1000 wald-only
  [W_n500_oracle] shard 1/40
  [W_n500_oracle] shard 2/40
  [W_n500_oracle] shard 3/40
  [W_n500_oracle] shard 4/40
  [W_n500_oracle] shard 5/40
  [W_n500_oracle] shard 6/40
  [W_n500_oracle] shard 7/40
  [W_n500_oracle] shard 8/40
  [W_n500_oracle] shard 9/40
  [W_n500_oracle] shard 10/40
  [W_n500_oracle] shard 11/40
  [W_n500_oracle] shard 12/40
  [W_n500_oracle] shard 13/40
  [W_n500_oracle] shard 14/40
  [W_n500_oracle] shard 15/40
  [W_n500_oracle] shard 16/40
  [W_n500_oracle] shard 17/40
  [W_n500_oracle] shard 18/40
  [W_n500_oracle] shard 19/40
  [W_n500_oracle] shard 20/40
  [W_n500_oracle] shard 21/40
  [W_n500_oracle] shard 22/40
  [W_n500_oracle] shard 23/40
  [W_n500_oracle] shard 24/40
  [W_n500_oracle] shard 25/40
  [W_n500_oracle] shard 26/40
  [W_n500_oracle] shard 27/40
  [W_n500_oracle] shard 28/40
  [W_n500_oracle] shard 29/40
  [W_n500_oracle] shard 30/40
  [W_n500_oracle] shard 31/40
  [W_n500_oracle] shard 32/40
  [W_n500_oracle] shard 33/40
  [W_n500_oracle] shard 34/40
  [W_n500_oracle] shard 35/40
  [W_n500_oracle] shard 36/40
  [W_n500_oracle] shard 37/40
  [W_n500_oracle] shard 38/40
  [W_n500_oracle] shard 39/40
  [W_n500_oracle] shard 40/40
[sim.study_b] W_n500_correct: n=500 arm=correct reps=1000 wald-only
  [W_n500_correct] shard 1/40
  [W_n500_correct] shard 2/40
  [W_n500_correct] shard 3/40
  [W_n500_correct] shard 4/40
  [W_n500_correct] shard 5/40
  [W_n500_correct] shard 6/40
  [W_n500_correct] shard 7/40
  [W_n500_correct] shard 8/40
  [W_n500_correct] shard 9/40
  [W_n500_correct] shard 10/40
  [W_n500_correct] shard 11/40
  [W_n500_correct] shard 12/40
  [W_n500_correct] shard 13/40
  [W_n500_correct] shard 14/40
  [W_n500_correct] shard 15/40
  [W_n500_correct] shard 16/40
  [W_n500_correct] shard 17/40
  [W_n500_correct] shard 18/40
  [W_n500_correct] shard 19/40
  [W_n500_correct] shard 20/40
  [W_n500_correct] shard 21/40
  [W_n500_correct] shard 22/40
  [W_n500_correct] shard 23/40
  [W_n500_correct] shard 24/40
  [W_n500_correct] shard 25/40
  [W_n500_correct] shard 26/40
  [W_n500_correct] shard 27/40
  [W_n500_correct] shard 28/40
  [W_n500_correct] shard 29/40
  [W_n500_correct] shard 30/40
  [W_n500_correct] shard 31/40
  [W_n500_correct] shard 32/40
  [W_n500_correct] shard 33/40
  [W_n500_correct] shard 34/40
  [W_n500_correct] shard 35/40
  [W_n500_correct] shard 36/40
  [W_n500_correct] shard 37/40
  [W_n500_correct] shard 38/40
  [W_n500_correct] shard 39/40
  [W_n500_correct] shard 40/40
[sim.study_b] W_n1000_oracle: n=1000 arm=oracle reps=1000 wald-only
  [W_n1000_oracle] shard 1/40
  [W_n1000_oracle] shard 2/40
  [W_n1000_oracle] shard 3/40
  [W_n1000_oracle] shard 4/40
  [W_n1000_oracle] shard 5/40
  [W_n1000_oracle] shard 6/40
  [W_n1000_oracle] shard 7/40
  [W_n1000_oracle] shard 8/40
  [W_n1000_oracle] shard 9/40
  [W_n1000_oracle] shard 10/40
  [W_n1000_oracle] shard 11/40
  [W_n1000_oracle] shard 12/40
  [W_n1000_oracle] shard 13/40
  [W_n1000_oracle] shard 14/40
  [W_n1000_oracle] shard 15/40
  [W_n1000_oracle] shard 16/40
  [W_n1000_oracle] shard 17/40
  [W_n1000_oracle] shard 18/40
  [W_n1000_oracle] shard 19/40
  [W_n1000_oracle] shard 20/40
  [W_n1000_oracle] shard 21/40
  [W_n1000_oracle] shard 22/40
  [W_n1000_oracle] shard 23/40
  [W_n1000_oracle] shard 24/40
  [W_n1000_oracle] shard 25/40
  [W_n1000_oracle] shard 26/40
  [W_n1000_oracle] shard 27/40
  [W_n1000_oracle] shard 28/40
  [W_n1000_oracle] shard 29/40
  [W_n1000_oracle] shard 30/40
  [W_n1000_oracle] shard 31/40
  [W_n1000_oracle] shard 32/40
  [W_n1000_oracle] shard 33/40
  [W_n1000_oracle] shard 34/40
  [W_n1000_oracle] shard 35/40
  [W_n1000_oracle] shard 36/40
  [W_n1000_oracle] shard 37/40
  [W_n1000_oracle] shard 38/40
  [W_n1000_oracle] shard 39/40
  [W_n1000_oracle] shard 40/40
[sim.study_b] W_n1000_correct: n=1000 arm=correct reps=1000 wald-only
  [W_n1000_correct] shard 1/40
  [W_n1000_correct] shard 2/40
  [W_n1000_correct] shard 3/40
  [W_n1000_correct] shard 4/40
  [W_n1000_correct] shard 5/40
  [W_n1000_correct] shard 6/40
  [W_n1000_correct] shard 7/40
  [W_n1000_correct] shard 8/40
  [W_n1000_correct] shard 9/40
  [W_n1000_correct] shard 10/40
  [W_n1000_correct] shard 11/40
  [W_n1000_correct] shard 12/40
  [W_n1000_correct] shard 13/40
  [W_n1000_correct] shard 14/40
  [W_n1000_correct] shard 15/40
  [W_n1000_correct] shard 16/40
  [W_n1000_correct] shard 17/40
  [W_n1000_correct] shard 18/40
  [W_n1000_correct] shard 19/40
  [W_n1000_correct] shard 20/40
  [W_n1000_correct] shard 21/40
  [W_n1000_correct] shard 22/40
  [W_n1000_correct] shard 23/40
  [W_n1000_correct] shard 24/40
  [W_n1000_correct] shard 25/40
  [W_n1000_correct] shard 26/40
  [W_n1000_correct] shard 27/40
  [W_n1000_correct] shard 28/40
  [W_n1000_correct] shard 29/40
  [W_n1000_correct] shard 30/40
  [W_n1000_correct] shard 31/40
  [W_n1000_correct] shard 32/40
  [W_n1000_correct] shard 33/40
  [W_n1000_correct] shard 34/40
  [W_n1000_correct] shard 35/40
  [W_n1000_correct] shard 36/40
  [W_n1000_correct] shard 37/40
  [W_n1000_correct] shard 38/40
  [W_n1000_correct] shard 39/40
  [W_n1000_correct] shard 40/40
[sim.study_b] W_n2000_oracle: n=2000 arm=oracle reps=500 wald-only
  [W_n2000_oracle] shard 1/20
  [W_n2000_oracle] shard 2/20
  [W_n2000_oracle] shard 3/20
  [W_n2000_oracle] shard 4/20
  [W_n2000_oracle] shard 5/20
  [W_n2000_oracle] shard 6/20
  [W_n2000_oracle] shard 7/20
  [W_n2000_oracle] shard 8/20
  [W_n2000_oracle] shard 9/20
  [W_n2000_oracle] shard 10/20
  [W_n2000_oracle] shard 11/20
  [W_n2000_oracle] shard 12/20
  [W_n2000_oracle] shard 13/20
  [W_n2000_oracle] shard 14/20
  [W_n2000_oracle] shard 15/20
  [W_n2000_oracle] shard 16/20
  [W_n2000_oracle] shard 17/20
  [W_n2000_oracle] shard 18/20
  [W_n2000_oracle] shard 19/20
  [W_n2000_oracle] shard 20/20
[sim.study_b] W_n2000_correct: n=2000 arm=correct reps=500 wald-only
  [W_n2000_correct] shard 1/20
  [W_n2000_correct] shard 2/20
  [W_n2000_correct] shard 3/20
  [W_n2000_correct] shard 4/20
  [W_n2000_correct] shard 5/20
  [W_n2000_correct] shard 6/20
  [W_n2000_correct] shard 7/20
  [W_n2000_correct] shard 8/20
  [W_n2000_correct] shard 9/20
  [W_n2000_correct] shard 10/20
  [W_n2000_correct] shard 11/20
  [W_n2000_correct] shard 12/20
  [W_n2000_correct] shard 13/20
  [W_n2000_correct] shard 14/20
  [W_n2000_correct] shard 15/20
  [W_n2000_correct] shard 16/20
  [W_n2000_correct] shard 17/20
  [W_n2000_correct] shard 18/20
  [W_n2000_correct] shard 19/20
  [W_n2000_correct] shard 20/20
[sim.study_b] BS12_n250_oracle: n=250 arm=oracle reps=250 B=100
  [BS12_n250_oracle] shard 1/10
  [BS12_n250_oracle] shard 2/10
  [BS12_n250_oracle] shard 3/10
  [BS12_n250_oracle] shard 4/10
  [BS12_n250_oracle] shard 5/10
  [BS12_n250_oracle] shard 6/10
  [BS12_n250_oracle] shard 7/10
  [BS12_n250_oracle] shard 8/10
  [BS12_n250_oracle] shard 9/10
  [BS12_n250_oracle] shard 10/10
[sim.study_b] BS12_n250_correct: n=250 arm=correct reps=250 B=100
[sim.study_b] W_n250_oracle: n=250 arm=oracle reps=1000 wald-only
[sim.study_b] W_n250_correct: n=250 arm=correct reps=1000 wald-only
[sim.study_b] W_n500_oracle: n=500 arm=oracle reps=1000 wald-only
[sim.study_b] W_n500_correct: n=500 arm=correct reps=1000 wald-only
[sim.study_b] W_n1000_oracle: n=1000 arm=oracle reps=1000 wald-only
[sim.study_b] W_n1000_correct: n=1000 arm=correct reps=1000 wald-only
[sim.study_b] W_n2000_oracle: n=2000 arm=oracle reps=500 wald-only
[sim.study_b] W_n2000_correct: n=2000 arm=correct reps=500 wald-only
[sim.study_b] OV1_n250_correct: n=250 arm=correct reps=1000 wald-only
  [OV1_n250_correct] shard 1/40
  [OV1_n250_correct] shard 2/40
  [OV1_n250_correct] shard 3/40
[sim.study_b] W_n250_oracle: n=250 arm=oracle reps=1000 wald-only
[sim.study_b] W_n250_correct: n=250 arm=correct reps=1000 wald-only
[sim.study_b] W_n500_oracle: n=500 arm=oracle reps=1000 wald-only
[sim.study_b] W_n500_correct: n=500 arm=correct reps=1000 wald-only
[sim.study_b] W_n1000_oracle: n=1000 arm=oracle reps=1000 wald-only
[sim.study_b] W_n1000_correct: n=1000 arm=correct reps=1000 wald-only
[sim.study_b] W_n2000_oracle: n=2000 arm=oracle reps=500 wald-only
[sim.study_b] W_n2000_correct: n=2000 arm=correct reps=500 wald-only
[sim.study_b] OV1_n250_correct: n=250 arm=correct reps=1000 wald-only
  [OV1_n250_correct] shard 4/40
  [OV1_n250_correct] shard 5/40
  [OV1_n250_correct] shard 6/40
  [OV1_n250_correct] shard 7/40
  [OV1_n250_correct] shard 8/40
  [OV1_n250_correct] shard 9/40
  [OV1_n250_correct] shard 10/40
  [OV1_n250_correct] shard 11/40
  [OV1_n250_correct] shard 12/40
  [OV1_n250_correct] shard 13/40
  [OV1_n250_correct] shard 14/40
  [OV1_n250_correct] shard 15/40
  [OV1_n250_correct] shard 16/40
  [OV1_n250_correct] shard 17/40
  [OV1_n250_correct] shard 18/40
  [OV1_n250_correct] shard 19/40
  [OV1_n250_correct] shard 20/40
  [OV1_n250_correct] shard 21/40
  [OV1_n250_correct] shard 22/40
  [OV1_n250_correct] shard 23/40
  [OV1_n250_correct] shard 24/40
  [OV1_n250_correct] shard 25/40
  [OV1_n250_correct] shard 26/40
  [OV1_n250_correct] shard 27/40
  [OV1_n250_correct] shard 28/40
  [OV1_n250_correct] shard 29/40
  [OV1_n250_correct] shard 30/40
  [OV1_n250_correct] shard 31/40
  [OV1_n250_correct] shard 32/40
  [OV1_n250_correct] shard 33/40
  [OV1_n250_correct] shard 34/40
  [OV1_n250_correct] shard 35/40
  [OV1_n250_correct] shard 36/40
  [OV1_n250_correct] shard 37/40
  [OV1_n250_correct] shard 38/40
  [OV1_n250_correct] shard 39/40
  [OV1_n250_correct] shard 40/40
[sim.study_b] OV2_n250_correct: n=250 arm=correct reps=1000 wald-only
  [OV2_n250_correct] shard 1/40
  [OV2_n250_correct] shard 2/40
  [OV2_n250_correct] shard 3/40
  [OV2_n250_correct] shard 4/40
  [OV2_n250_correct] shard 5/40
  [OV2_n250_correct] shard 6/40
  [OV2_n250_correct] shard 7/40
  [OV2_n250_correct] shard 8/40
  [OV2_n250_correct] shard 9/40
  [OV2_n250_correct] shard 10/40
  [OV2_n250_correct] shard 11/40
  [OV2_n250_correct] shard 12/40
  [OV2_n250_correct] shard 13/40
  [OV2_n250_correct] shard 14/40
  [OV2_n250_correct] shard 15/40
  [OV2_n250_correct] shard 16/40
  [OV2_n250_correct] shard 17/40
  [OV2_n250_correct] shard 18/40
  [OV2_n250_correct] shard 19/40
  [OV2_n250_correct] shard 20/40
  [OV2_n250_correct] shard 21/40
  [OV2_n250_correct] shard 22/40
  [OV2_n250_correct] shard 23/40
  [OV2_n250_correct] shard 24/40
  [OV2_n250_correct] shard 25/40
  [OV2_n250_correct] shard 26/40
  [OV2_n250_correct] shard 27/40
  [OV2_n250_correct] shard 28/40
  [OV2_n250_correct] shard 29/40
  [OV2_n250_correct] shard 30/40
  [OV2_n250_correct] shard 31/40
  [OV2_n250_correct] shard 32/40
  [OV2_n250_correct] shard 33/40
  [OV2_n250_correct] shard 34/40
  [OV2_n250_correct] shard 35/40
  [OV2_n250_correct] shard 36/40
  [OV2_n250_correct] shard 37/40
  [OV2_n250_correct] shard 38/40
  [OV2_n250_correct] shard 39/40
  [OV2_n250_correct] shard 40/40
[sim.study_b] OV3_n250_correct: n=250 arm=correct reps=1000 wald-only
  [OV3_n250_correct] shard 1/40
  [OV3_n250_correct] shard 2/40
  [OV3_n250_correct] shard 3/40
  [OV3_n250_correct] shard 4/40
  [OV3_n250_correct] shard 5/40
  [OV3_n250_correct] shard 6/40
  [OV3_n250_correct] shard 7/40
  [OV3_n250_correct] shard 8/40
  [OV3_n250_correct] shard 9/40
  [OV3_n250_correct] shard 10/40
  [OV3_n250_correct] shard 11/40
  [OV3_n250_correct] shard 12/40
  [OV3_n250_correct] shard 13/40
  [OV3_n250_correct] shard 14/40
  [OV3_n250_correct] shard 15/40
  [OV3_n250_correct] shard 16/40
  [OV3_n250_correct] shard 17/40
  [OV3_n250_correct] shard 18/40
  [OV3_n250_correct] shard 19/40
  [OV3_n250_correct] shard 20/40
  [OV3_n250_correct] shard 21/40
  [OV3_n250_correct] shard 22/40
  [OV3_n250_correct] shard 23/40
  [OV3_n250_correct] shard 24/40
  [OV3_n250_correct] shard 25/40
  [OV3_n250_correct] shard 26/40
  [OV3_n250_correct] shard 27/40
  [OV3_n250_correct] shard 28/40
  [OV3_n250_correct] shard 29/40
  [OV3_n250_correct] shard 30/40
  [OV3_n250_correct] shard 31/40
  [OV3_n250_correct] shard 32/40
  [OV3_n250_correct] shard 33/40
  [OV3_n250_correct] shard 34/40
  [OV3_n250_correct] shard 35/40
  [OV3_n250_correct] shard 36/40
  [OV3_n250_correct] shard 37/40
  [OV3_n250_correct] shard 38/40
  [OV3_n250_correct] shard 39/40
  [OV3_n250_correct] shard 40/40
[sim.study_b] OV4_n250_correct: n=250 arm=correct reps=1000 wald-only
  [OV4_n250_correct] shard 1/40
  [OV4_n250_correct] shard 2/40
  [OV4_n250_correct] shard 3/40
  [OV4_n250_correct] shard 4/40
  [OV4_n250_correct] shard 5/40
  [OV4_n250_correct] shard 6/40
  [OV4_n250_correct] shard 7/40
  [OV4_n250_correct] shard 8/40
  [OV4_n250_correct] shard 9/40
  [OV4_n250_correct] shard 10/40
  [OV4_n250_correct] shard 11/40
  [OV4_n250_correct] shard 12/40
  [OV4_n250_correct] shard 13/40
  [OV4_n250_correct] shard 14/40
  [OV4_n250_correct] shard 15/40
  [OV4_n250_correct] shard 16/40
  [OV4_n250_correct] shard 17/40
  [OV4_n250_correct] shard 18/40
  [OV4_n250_correct] shard 19/40
  [OV4_n250_correct] shard 20/40
  [OV4_n250_correct] shard 21/40
  [OV4_n250_correct] shard 22/40
  [OV4_n250_correct] shard 23/40
  [OV4_n250_correct] shard 24/40
  [OV4_n250_correct] shard 25/40
  [OV4_n250_correct] shard 26/40
  [OV4_n250_correct] shard 27/40
  [OV4_n250_correct] shard 28/40
  [OV4_n250_correct] shard 29/40
  [OV4_n250_correct] shard 30/40
  [OV4_n250_correct] shard 31/40
  [OV4_n250_correct] shard 32/40
  [OV4_n250_correct] shard 33/40
  [OV4_n250_correct] shard 34/40
  [OV4_n250_correct] shard 35/40
  [OV4_n250_correct] shard 36/40
  [OV4_n250_correct] shard 37/40
  [OV4_n250_correct] shard 38/40
  [OV4_n250_correct] shard 39/40
  [OV4_n250_correct] shard 40/40
[sim.study_b] RA1_n250_correct: n=250 arm=correct reps=1000 wald-only
  [RA1_n250_correct] shard 1/40
  [RA1_n250_correct] shard 2/40
  [RA1_n250_correct] shard 3/40
  [RA1_n250_correct] shard 4/40
  [RA1_n250_correct] shard 5/40
  [RA1_n250_correct] shard 6/40
  [RA1_n250_correct] shard 7/40
  [RA1_n250_correct] shard 8/40
  [RA1_n250_correct] shard 9/40
  [RA1_n250_correct] shard 10/40
  [RA1_n250_correct] shard 11/40
  [RA1_n250_correct] shard 12/40
  [RA1_n250_correct] shard 13/40
  [RA1_n250_correct] shard 14/40
  [RA1_n250_correct] shard 15/40
  [RA1_n250_correct] shard 16/40
  [RA1_n250_correct] shard 17/40
  [RA1_n250_correct] shard 18/40
  [RA1_n250_correct] shard 19/40
  [RA1_n250_correct] shard 20/40
  [RA1_n250_correct] shard 21/40
  [RA1_n250_correct] shard 22/40
  [RA1_n250_correct] shard 23/40
  [RA1_n250_correct] shard 24/40
  [RA1_n250_correct] shard 25/40
  [RA1_n250_correct] shard 26/40
  [RA1_n250_correct] shard 27/40
  [RA1_n250_correct] shard 28/40
  [RA1_n250_correct] shard 29/40
  [RA1_n250_correct] shard 30/40
  [RA1_n250_correct] shard 31/40
  [RA1_n250_correct] shard 32/40
  [RA1_n250_correct] shard 33/40
  [RA1_n250_correct] shard 34/40
  [RA1_n250_correct] shard 35/40
  [RA1_n250_correct] shard 36/40
  [RA1_n250_correct] shard 37/40
  [RA1_n250_correct] shard 38/40
  [RA1_n250_correct] shard 39/40
  [RA1_n250_correct] shard 40/40
[sim.study_b] RA2_n250_correct: n=250 arm=correct reps=1000 wald-only
  [RA2_n250_correct] shard 1/40
  [RA2_n250_correct] shard 2/40
  [RA2_n250_correct] shard 3/40
  [RA2_n250_correct] shard 4/40
  [RA2_n250_correct] shard 5/40
  [RA2_n250_correct] shard 6/40
  [RA2_n250_correct] shard 7/40
  [RA2_n250_correct] shard 8/40
  [RA2_n250_correct] shard 9/40
  [RA2_n250_correct] shard 10/40
  [RA2_n250_correct] shard 11/40
  [RA2_n250_correct] shard 12/40
  [RA2_n250_correct] shard 13/40
  [RA2_n250_correct] shard 14/40
  [RA2_n250_correct] shard 15/40
  [RA2_n250_correct] shard 16/40
  [RA2_n250_correct] shard 17/40
  [RA2_n250_correct] shard 18/40
  [RA2_n250_correct] shard 19/40
  [RA2_n250_correct] shard 20/40
  [RA2_n250_correct] shard 21/40
  [RA2_n250_correct] shard 22/40
  [RA2_n250_correct] shard 23/40
  [RA2_n250_correct] shard 24/40
  [RA2_n250_correct] shard 25/40
  [RA2_n250_correct] shard 26/40
  [RA2_n250_correct] shard 27/40
  [RA2_n250_correct] shard 28/40
  [RA2_n250_correct] shard 29/40
  [RA2_n250_correct] shard 30/40
  [RA2_n250_correct] shard 31/40
  [RA2_n250_correct] shard 32/40
  [RA2_n250_correct] shard 33/40
  [RA2_n250_correct] shard 34/40
  [RA2_n250_correct] shard 35/40
  [RA2_n250_correct] shard 36/40
  [RA2_n250_correct] shard 37/40
  [RA2_n250_correct] shard 38/40
  [RA2_n250_correct] shard 39/40
  [RA2_n250_correct] shard 40/40
[sim.study_b] RA3_n250_correct: n=250 arm=correct reps=1000 wald-only
  [RA3_n250_correct] shard 1/40
  [RA3_n250_correct] shard 2/40
  [RA3_n250_correct] shard 3/40
  [RA3_n250_correct] shard 4/40
  [RA3_n250_correct] shard 5/40
  [RA3_n250_correct] shard 6/40
  [RA3_n250_correct] shard 7/40
  [RA3_n250_correct] shard 8/40
  [RA3_n250_correct] shard 9/40
  [RA3_n250_correct] shard 10/40
  [RA3_n250_correct] shard 11/40
  [RA3_n250_correct] shard 12/40
  [RA3_n250_correct] shard 13/40
  [RA3_n250_correct] shard 14/40
  [RA3_n250_correct] shard 15/40
  [RA3_n250_correct] shard 16/40
  [RA3_n250_correct] shard 17/40
  [RA3_n250_correct] shard 18/40
  [RA3_n250_correct] shard 19/40
  [RA3_n250_correct] shard 20/40
  [RA3_n250_correct] shard 21/40
  [RA3_n250_correct] shard 22/40
  [RA3_n250_correct] shard 23/40
  [RA3_n250_correct] shard 24/40
  [RA3_n250_correct] shard 25/40
  [RA3_n250_correct] shard 26/40
  [RA3_n250_correct] shard 27/40
  [RA3_n250_correct] shard 28/40
  [RA3_n250_correct] shard 29/40
  [RA3_n250_correct] shard 30/40
  [RA3_n250_correct] shard 31/40
  [RA3_n250_correct] shard 32/40
  [RA3_n250_correct] shard 33/40
  [RA3_n250_correct] shard 34/40
  [RA3_n250_correct] shard 35/40
  [RA3_n250_correct] shard 36/40
  [RA3_n250_correct] shard 37/40
  [RA3_n250_correct] shard 38/40
  [RA3_n250_correct] shard 39/40
  [RA3_n250_correct] shard 40/40
[sim.study_b] CN0_n250_correct: n=250 arm=correct reps=1000 wald-only
  [CN0_n250_correct] shard 1/40
  [CN0_n250_correct] shard 2/40
  [CN0_n250_correct] shard 3/40
  [CN0_n250_correct] shard 4/40
  [CN0_n250_correct] shard 5/40
  [CN0_n250_correct] shard 6/40
  [CN0_n250_correct] shard 7/40
  [CN0_n250_correct] shard 8/40
  [CN0_n250_correct] shard 9/40
  [CN0_n250_correct] shard 10/40
  [CN0_n250_correct] shard 11/40
  [CN0_n250_correct] shard 12/40
  [CN0_n250_correct] shard 13/40
  [CN0_n250_correct] shard 14/40
  [CN0_n250_correct] shard 15/40
  [CN0_n250_correct] shard 16/40
  [CN0_n250_correct] shard 17/40
  [CN0_n250_correct] shard 18/40
  [CN0_n250_correct] shard 19/40
  [CN0_n250_correct] shard 20/40
  [CN0_n250_correct] shard 21/40
  [CN0_n250_correct] shard 22/40
  [CN0_n250_correct] shard 23/40
  [CN0_n250_correct] shard 24/40
  [CN0_n250_correct] shard 25/40
  [CN0_n250_correct] shard 26/40
  [CN0_n250_correct] shard 27/40
  [CN0_n250_correct] shard 28/40
  [CN0_n250_correct] shard 29/40
  [CN0_n250_correct] shard 30/40
  [CN0_n250_correct] shard 31/40
  [CN0_n250_correct] shard 32/40
  [CN0_n250_correct] shard 33/40
  [CN0_n250_correct] shard 34/40
  [CN0_n250_correct] shard 35/40
  [CN0_n250_correct] shard 36/40
  [CN0_n250_correct] shard 37/40
  [CN0_n250_correct] shard 38/40
  [CN0_n250_correct] shard 39/40
  [CN0_n250_correct] shard 40/40
[sim.study_b] CN1_n250_correct: n=250 arm=correct reps=1000 wald-only
  [CN1_n250_correct] shard 1/40
  [CN1_n250_correct] shard 2/40
  [CN1_n250_correct] shard 3/40
  [CN1_n250_correct] shard 4/40
  [CN1_n250_correct] shard 5/40
  [CN1_n250_correct] shard 6/40
  [CN1_n250_correct] shard 7/40
  [CN1_n250_correct] shard 8/40
  [CN1_n250_correct] shard 9/40
  [CN1_n250_correct] shard 10/40
  [CN1_n250_correct] shard 11/40
  [CN1_n250_correct] shard 12/40
  [CN1_n250_correct] shard 13/40
  [CN1_n250_correct] shard 14/40
  [CN1_n250_correct] shard 15/40
  [CN1_n250_correct] shard 16/40
  [CN1_n250_correct] shard 17/40
  [CN1_n250_correct] shard 18/40
  [CN1_n250_correct] shard 19/40
  [CN1_n250_correct] shard 20/40
  [CN1_n250_correct] shard 21/40
  [CN1_n250_correct] shard 22/40
  [CN1_n250_correct] shard 23/40
  [CN1_n250_correct] shard 24/40
  [CN1_n250_correct] shard 25/40
  [CN1_n250_correct] shard 26/40
  [CN1_n250_correct] shard 27/40
  [CN1_n250_correct] shard 28/40
  [CN1_n250_correct] shard 29/40
  [CN1_n250_correct] shard 30/40
  [CN1_n250_correct] shard 31/40
  [CN1_n250_correct] shard 32/40
  [CN1_n250_correct] shard 33/40
  [CN1_n250_correct] shard 34/40
  [CN1_n250_correct] shard 35/40
  [CN1_n250_correct] shard 36/40
  [CN1_n250_correct] shard 37/40
  [CN1_n250_correct] shard 38/40
  [CN1_n250_correct] shard 39/40
  [CN1_n250_correct] shard 40/40
[sim.study_b] CN2_n250_correct: n=250 arm=correct reps=1000 wald-only
  [CN2_n250_correct] shard 1/40
  [CN2_n250_correct] shard 2/40
  [CN2_n250_correct] shard 3/40
  [CN2_n250_correct] shard 4/40
  [CN2_n250_correct] shard 5/40
  [CN2_n250_correct] shard 6/40
  [CN2_n250_correct] shard 7/40
  [CN2_n250_correct] shard 8/40
  [CN2_n250_correct] shard 9/40
  [CN2_n250_correct] shard 10/40
  [CN2_n250_correct] shard 11/40
  [CN2_n250_correct] shard 12/40
  [CN2_n250_correct] shard 13/40
  [CN2_n250_correct] shard 14/40
  [CN2_n250_correct] shard 15/40
  [CN2_n250_correct] shard 16/40
  [CN2_n250_correct] shard 17/40
  [CN2_n250_correct] shard 18/40
  [CN2_n250_correct] shard 19/40
  [CN2_n250_correct] shard 20/40
  [CN2_n250_correct] shard 21/40
  [CN2_n250_correct] shard 22/40
  [CN2_n250_correct] shard 23/40
  [CN2_n250_correct] shard 24/40
  [CN2_n250_correct] shard 25/40
  [CN2_n250_correct] shard 26/40
  [CN2_n250_correct] shard 27/40
  [CN2_n250_correct] shard 28/40
  [CN2_n250_correct] shard 29/40
  [CN2_n250_correct] shard 30/40
  [CN2_n250_correct] shard 31/40
  [CN2_n250_correct] shard 32/40
  [CN2_n250_correct] shard 33/40
  [CN2_n250_correct] shard 34/40
  [CN2_n250_correct] shard 35/40
  [CN2_n250_correct] shard 36/40
  [CN2_n250_correct] shard 37/40
  [CN2_n250_correct] shard 38/40
  [CN2_n250_correct] shard 39/40
  [CN2_n250_correct] shard 40/40
[sim.study_b] CN3_n250_correct: n=250 arm=correct reps=1000 wald-only
  [CN3_n250_correct] shard 1/40
  [CN3_n250_correct] shard 2/40
  [CN3_n250_correct] shard 3/40
  [CN3_n250_correct] shard 4/40
  [CN3_n250_correct] shard 5/40
  [CN3_n250_correct] shard 6/40
  [CN3_n250_correct] shard 7/40
  [CN3_n250_correct] shard 8/40
  [CN3_n250_correct] shard 9/40
  [CN3_n250_correct] shard 10/40
  [CN3_n250_correct] shard 11/40
  [CN3_n250_correct] shard 12/40
  [CN3_n250_correct] shard 13/40
  [CN3_n250_correct] shard 14/40
  [CN3_n250_correct] shard 15/40
  [CN3_n250_correct] shard 16/40
  [CN3_n250_correct] shard 17/40
  [CN3_n250_correct] shard 18/40
  [CN3_n250_correct] shard 19/40
  [CN3_n250_correct] shard 20/40
  [CN3_n250_correct] shard 21/40
  [CN3_n250_correct] shard 22/40
  [CN3_n250_correct] shard 23/40
  [CN3_n250_correct] shard 24/40
  [CN3_n250_correct] shard 25/40
  [CN3_n250_correct] shard 26/40
  [CN3_n250_correct] shard 27/40
  [CN3_n250_correct] shard 28/40
  [CN3_n250_correct] shard 29/40
  [CN3_n250_correct] shard 30/40
  [CN3_n250_correct] shard 31/40
  [CN3_n250_correct] shard 32/40
  [CN3_n250_correct] shard 33/40
  [CN3_n250_correct] shard 34/40
  [CN3_n250_correct] shard 35/40
  [CN3_n250_correct] shard 36/40
  [CN3_n250_correct] shard 37/40
  [CN3_n250_correct] shard 38/40
  [CN3_n250_correct] shard 39/40
  [CN3_n250_correct] shard 40/40
[sim.study_b] CN4_n250_correct: n=250 arm=correct reps=1000 wald-only
  [CN4_n250_correct] shard 1/40
  [CN4_n250_correct] shard 2/40
  [CN4_n250_correct] shard 3/40
  [CN4_n250_correct] shard 4/40
  [CN4_n250_correct] shard 5/40
  [CN4_n250_correct] shard 6/40
  [CN4_n250_correct] shard 7/40
  [CN4_n250_correct] shard 8/40
  [CN4_n250_correct] shard 9/40
  [CN4_n250_correct] shard 10/40
  [CN4_n250_correct] shard 11/40
  [CN4_n250_correct] shard 12/40
  [CN4_n250_correct] shard 13/40
  [CN4_n250_correct] shard 14/40
  [CN4_n250_correct] shard 15/40
  [CN4_n250_correct] shard 16/40
  [CN4_n250_correct] shard 17/40
  [CN4_n250_correct] shard 18/40
  [CN4_n250_correct] shard 19/40
  [CN4_n250_correct] shard 20/40
  [CN4_n250_correct] shard 21/40
  [CN4_n250_correct] shard 22/40
  [CN4_n250_correct] shard 23/40
  [CN4_n250_correct] shard 24/40
  [CN4_n250_correct] shard 25/40
  [CN4_n250_correct] shard 26/40
  [CN4_n250_correct] shard 27/40
  [CN4_n250_correct] shard 28/40
  [CN4_n250_correct] shard 29/40
  [CN4_n250_correct] shard 30/40
  [CN4_n250_correct] shard 31/40
  [CN4_n250_correct] shard 32/40
  [CN4_n250_correct] shard 33/40
  [CN4_n250_correct] shard 34/40
  [CN4_n250_correct] shard 35/40
  [CN4_n250_correct] shard 36/40
  [CN4_n250_correct] shard 37/40
  [CN4_n250_correct] shard 38/40
  [CN4_n250_correct] shard 39/40
  [CN4_n250_correct] shard 40/40
[sim.study_b] NULL_n250_correct: n=250 arm=correct reps=1000 wald-only
  [NULL_n250_correct] shard 1/40
  [NULL_n250_correct] shard 2/40
  [NULL_n250_correct] shard 3/40
  [NULL_n250_correct] shard 4/40
  [NULL_n250_correct] shard 5/40
  [NULL_n250_correct] shard 6/40
  [NULL_n250_correct] shard 7/40
  [NULL_n250_correct] shard 8/40
  [NULL_n250_correct] shard 9/40
  [NULL_n250_correct] shard 10/40
  [NULL_n250_correct] shard 11/40
  [NULL_n250_correct] shard 12/40
  [NULL_n250_correct] shard 13/40
  [NULL_n250_correct] shard 14/40
  [NULL_n250_correct] shard 15/40
  [NULL_n250_correct] shard 16/40
  [NULL_n250_correct] shard 17/40
  [NULL_n250_correct] shard 18/40
  [NULL_n250_correct] shard 19/40
  [NULL_n250_correct] shard 20/40
  [NULL_n250_correct] shard 21/40
  [NULL_n250_correct] shard 22/40
  [NULL_n250_correct] shard 23/40
  [NULL_n250_correct] shard 24/40
  [NULL_n250_correct] shard 25/40
  [NULL_n250_correct] shard 26/40
  [NULL_n250_correct] shard 27/40
  [NULL_n250_correct] shard 28/40
  [NULL_n250_correct] shard 29/40
  [NULL_n250_correct] shard 30/40
  [NULL_n250_correct] shard 31/40
  [NULL_n250_correct] shard 32/40
  [NULL_n250_correct] shard 33/40
  [NULL_n250_correct] shard 34/40
  [NULL_n250_correct] shard 35/40
  [NULL_n250_correct] shard 36/40
  [NULL_n250_correct] shard 37/40
  [NULL_n250_correct] shard 38/40
  [NULL_n250_correct] shard 39/40
  [NULL_n250_correct] shard 40/40
[sim.study_b] OV1_n500_correct: n=500 arm=correct reps=500 wald-only
  [OV1_n500_correct] shard 1/20
  [OV1_n500_correct] shard 2/20
  [OV1_n500_correct] shard 3/20
  [OV1_n500_correct] shard 4/20
  [OV1_n500_correct] shard 5/20
  [OV1_n500_correct] shard 6/20
  [OV1_n500_correct] shard 7/20
  [OV1_n500_correct] shard 8/20
  [OV1_n500_correct] shard 9/20
  [OV1_n500_correct] shard 10/20
  [OV1_n500_correct] shard 11/20
  [OV1_n500_correct] shard 12/20
  [OV1_n500_correct] shard 13/20
  [OV1_n500_correct] shard 14/20
  [OV1_n500_correct] shard 15/20
  [OV1_n500_correct] shard 16/20
  [OV1_n500_correct] shard 17/20
  [OV1_n500_correct] shard 18/20
  [OV1_n500_correct] shard 19/20
  [OV1_n500_correct] shard 20/20
[sim.study_b] OV2_n500_correct: n=500 arm=correct reps=500 wald-only
  [OV2_n500_correct] shard 1/20
  [OV2_n500_correct] shard 2/20
  [OV2_n500_correct] shard 3/20
  [OV2_n500_correct] shard 4/20
  [OV2_n500_correct] shard 5/20
  [OV2_n500_correct] shard 6/20
  [OV2_n500_correct] shard 7/20
  [OV2_n500_correct] shard 8/20
  [OV2_n500_correct] shard 9/20
  [OV2_n500_correct] shard 10/20
  [OV2_n500_correct] shard 11/20
  [OV2_n500_correct] shard 12/20
  [OV2_n500_correct] shard 13/20
  [OV2_n500_correct] shard 14/20
  [OV2_n500_correct] shard 15/20
  [OV2_n500_correct] shard 16/20
  [OV2_n500_correct] shard 17/20
  [OV2_n500_correct] shard 18/20
  [OV2_n500_correct] shard 19/20
  [OV2_n500_correct] shard 20/20
[sim.study_b] OV3_n500_correct: n=500 arm=correct reps=500 wald-only
  [OV3_n500_correct] shard 1/20
  [OV3_n500_correct] shard 2/20
  [OV3_n500_correct] shard 3/20
  [OV3_n500_correct] shard 4/20
  [OV3_n500_correct] shard 5/20
  [OV3_n500_correct] shard 6/20
  [OV3_n500_correct] shard 7/20
  [OV3_n500_correct] shard 8/20
  [OV3_n500_correct] shard 9/20
  [OV3_n500_correct] shard 10/20
  [OV3_n500_correct] shard 11/20
  [OV3_n500_correct] shard 12/20
  [OV3_n500_correct] shard 13/20
  [OV3_n500_correct] shard 14/20
  [OV3_n500_correct] shard 15/20
  [OV3_n500_correct] shard 16/20
  [OV3_n500_correct] shard 17/20
  [OV3_n500_correct] shard 18/20
  [OV3_n500_correct] shard 19/20
  [OV3_n500_correct] shard 20/20
[sim.study_b] RA1_n500_correct: n=500 arm=correct reps=500 wald-only
  [RA1_n500_correct] shard 1/20
  [RA1_n500_correct] shard 2/20
  [RA1_n500_correct] shard 3/20
  [RA1_n500_correct] shard 4/20
  [RA1_n500_correct] shard 5/20
  [RA1_n500_correct] shard 6/20
  [RA1_n500_correct] shard 7/20
  [RA1_n500_correct] shard 8/20
  [RA1_n500_correct] shard 9/20
  [RA1_n500_correct] shard 10/20
  [RA1_n500_correct] shard 11/20
  [RA1_n500_correct] shard 12/20
  [RA1_n500_correct] shard 13/20
  [RA1_n500_correct] shard 14/20
  [RA1_n500_correct] shard 15/20
  [RA1_n500_correct] shard 16/20
  [RA1_n500_correct] shard 17/20
  [RA1_n500_correct] shard 18/20
  [RA1_n500_correct] shard 19/20
  [RA1_n500_correct] shard 20/20
[sim.study_b] RA2_n500_correct: n=500 arm=correct reps=500 wald-only
  [RA2_n500_correct] shard 1/20
  [RA2_n500_correct] shard 2/20
  [RA2_n500_correct] shard 3/20
  [RA2_n500_correct] shard 4/20
  [RA2_n500_correct] shard 5/20
  [RA2_n500_correct] shard 6/20
  [RA2_n500_correct] shard 7/20
  [RA2_n500_correct] shard 8/20
  [RA2_n500_correct] shard 9/20
  [RA2_n500_correct] shard 10/20
  [RA2_n500_correct] shard 11/20
  [RA2_n500_correct] shard 12/20
  [RA2_n500_correct] shard 13/20
  [RA2_n500_correct] shard 14/20
  [RA2_n500_correct] shard 15/20
  [RA2_n500_correct] shard 16/20
  [RA2_n500_correct] shard 17/20
  [RA2_n500_correct] shard 18/20
  [RA2_n500_correct] shard 19/20
  [RA2_n500_correct] shard 20/20
[sim.study_b] RA3_n500_correct: n=500 arm=correct reps=500 wald-only
  [RA3_n500_correct] shard 1/20
  [RA3_n500_correct] shard 2/20
  [RA3_n500_correct] shard 3/20
  [RA3_n500_correct] shard 4/20
  [RA3_n500_correct] shard 5/20
  [RA3_n500_correct] shard 6/20
  [RA3_n500_correct] shard 7/20
  [RA3_n500_correct] shard 8/20
  [RA3_n500_correct] shard 9/20
  [RA3_n500_correct] shard 10/20
  [RA3_n500_correct] shard 11/20
  [RA3_n500_correct] shard 12/20
  [RA3_n500_correct] shard 13/20
  [RA3_n500_correct] shard 14/20
  [RA3_n500_correct] shard 15/20
  [RA3_n500_correct] shard 16/20
  [RA3_n500_correct] shard 17/20
  [RA3_n500_correct] shard 18/20
  [RA3_n500_correct] shard 19/20
  [RA3_n500_correct] shard 20/20
[sim.study_b] CN0_n500_correct: n=500 arm=correct reps=500 wald-only
  [CN0_n500_correct] shard 1/20
  [CN0_n500_correct] shard 2/20
  [CN0_n500_correct] shard 3/20
  [CN0_n500_correct] shard 4/20
  [CN0_n500_correct] shard 5/20
  [CN0_n500_correct] shard 6/20
  [CN0_n500_correct] shard 7/20
  [CN0_n500_correct] shard 8/20
  [CN0_n500_correct] shard 9/20
  [CN0_n500_correct] shard 10/20
  [CN0_n500_correct] shard 11/20
  [CN0_n500_correct] shard 12/20
  [CN0_n500_correct] shard 13/20
  [CN0_n500_correct] shard 14/20
  [CN0_n500_correct] shard 15/20
  [CN0_n500_correct] shard 16/20
  [CN0_n500_correct] shard 17/20
  [CN0_n500_correct] shard 18/20
  [CN0_n500_correct] shard 19/20
  [CN0_n500_correct] shard 20/20
[sim.study_b] CN1_n500_correct: n=500 arm=correct reps=500 wald-only
  [CN1_n500_correct] shard 1/20
  [CN1_n500_correct] shard 2/20
  [CN1_n500_correct] shard 3/20
  [CN1_n500_correct] shard 4/20
  [CN1_n500_correct] shard 5/20
  [CN1_n500_correct] shard 6/20
  [CN1_n500_correct] shard 7/20
  [CN1_n500_correct] shard 8/20
  [CN1_n500_correct] shard 9/20
  [CN1_n500_correct] shard 10/20
  [CN1_n500_correct] shard 11/20
  [CN1_n500_correct] shard 12/20
  [CN1_n500_correct] shard 13/20
  [CN1_n500_correct] shard 14/20
  [CN1_n500_correct] shard 15/20
  [CN1_n500_correct] shard 16/20
  [CN1_n500_correct] shard 17/20
  [CN1_n500_correct] shard 18/20
  [CN1_n500_correct] shard 19/20
  [CN1_n500_correct] shard 20/20
[sim.study_b] CN2_n500_correct: n=500 arm=correct reps=500 wald-only
  [CN2_n500_correct] shard 1/20
  [CN2_n500_correct] shard 2/20
  [CN2_n500_correct] shard 3/20
  [CN2_n500_correct] shard 4/20
  [CN2_n500_correct] shard 5/20
  [CN2_n500_correct] shard 6/20
  [CN2_n500_correct] shard 7/20
  [CN2_n500_correct] shard 8/20
  [CN2_n500_correct] shard 9/20
  [CN2_n500_correct] shard 10/20
  [CN2_n500_correct] shard 11/20
  [CN2_n500_correct] shard 12/20
  [CN2_n500_correct] shard 13/20
  [CN2_n500_correct] shard 14/20
  [CN2_n500_correct] shard 15/20
  [CN2_n500_correct] shard 16/20
  [CN2_n500_correct] shard 17/20
  [CN2_n500_correct] shard 18/20
  [CN2_n500_correct] shard 19/20
  [CN2_n500_correct] shard 20/20
[sim.study_b] CN3_n500_correct: n=500 arm=correct reps=500 wald-only
  [CN3_n500_correct] shard 1/20
  [CN3_n500_correct] shard 2/20
  [CN3_n500_correct] shard 3/20
  [CN3_n500_correct] shard 4/20
  [CN3_n500_correct] shard 5/20
  [CN3_n500_correct] shard 6/20
  [CN3_n500_correct] shard 7/20
  [CN3_n500_correct] shard 8/20
  [CN3_n500_correct] shard 9/20
  [CN3_n500_correct] shard 10/20
  [CN3_n500_correct] shard 11/20
  [CN3_n500_correct] shard 12/20
  [CN3_n500_correct] shard 13/20
  [CN3_n500_correct] shard 14/20
  [CN3_n500_correct] shard 15/20
  [CN3_n500_correct] shard 16/20
  [CN3_n500_correct] shard 17/20
  [CN3_n500_correct] shard 18/20
  [CN3_n500_correct] shard 19/20
  [CN3_n500_correct] shard 20/20
[sim.study_b] NULL_n500_correct: n=500 arm=correct reps=500 wald-only
  [NULL_n500_correct] shard 1/20
  [NULL_n500_correct] shard 2/20
  [NULL_n500_correct] shard 3/20
  [NULL_n500_correct] shard 4/20
  [NULL_n500_correct] shard 5/20
  [NULL_n500_correct] shard 6/20
  [NULL_n500_correct] shard 7/20
  [NULL_n500_correct] shard 8/20
  [NULL_n500_correct] shard 9/20
  [NULL_n500_correct] shard 10/20
  [NULL_n500_correct] shard 11/20
  [NULL_n500_correct] shard 12/20
  [NULL_n500_correct] shard 13/20
  [NULL_n500_correct] shard 14/20
  [NULL_n500_correct] shard 15/20
  [NULL_n500_correct] shard 16/20
  [NULL_n500_correct] shard 17/20
  [NULL_n500_correct] shard 18/20
  [NULL_n500_correct] shard 19/20
  [NULL_n500_correct] shard 20/20
[sim.study_b] OV3_n250_oracle: n=250 arm=oracle reps=1000 wald-only
  [OV3_n250_oracle] shard 1/40
  [OV3_n250_oracle] shard 2/40
  [OV3_n250_oracle] shard 3/40
  [OV3_n250_oracle] shard 4/40
  [OV3_n250_oracle] shard 5/40
  [OV3_n250_oracle] shard 6/40
  [OV3_n250_oracle] shard 7/40
  [OV3_n250_oracle] shard 8/40
  [OV3_n250_oracle] shard 9/40
  [OV3_n250_oracle] shard 10/40
  [OV3_n250_oracle] shard 11/40
  [OV3_n250_oracle] shard 12/40
  [OV3_n250_oracle] shard 13/40
  [OV3_n250_oracle] shard 14/40
  [OV3_n250_oracle] shard 15/40
  [OV3_n250_oracle] shard 16/40
  [OV3_n250_oracle] shard 17/40
  [OV3_n250_oracle] shard 18/40
  [OV3_n250_oracle] shard 19/40
  [OV3_n250_oracle] shard 20/40
  [OV3_n250_oracle] shard 21/40
  [OV3_n250_oracle] shard 22/40
  [OV3_n250_oracle] shard 23/40
  [OV3_n250_oracle] shard 24/40
  [OV3_n250_oracle] shard 25/40
  [OV3_n250_oracle] shard 26/40
  [OV3_n250_oracle] shard 27/40
  [OV3_n250_oracle] shard 28/40
  [OV3_n250_oracle] shard 29/40
  [OV3_n250_oracle] shard 30/40
  [OV3_n250_oracle] shard 31/40
  [OV3_n250_oracle] shard 32/40
  [OV3_n250_oracle] shard 33/40
  [OV3_n250_oracle] shard 34/40
  [OV3_n250_oracle] shard 35/40
  [OV3_n250_oracle] shard 36/40
  [OV3_n250_oracle] shard 37/40
  [OV3_n250_oracle] shard 38/40
  [OV3_n250_oracle] shard 39/40
  [OV3_n250_oracle] shard 40/40
[sim.study_b] OV4_n250_oracle: n=250 arm=oracle reps=1000 wald-only
  [OV4_n250_oracle] shard 1/40
  [OV4_n250_oracle] shard 2/40
  [OV4_n250_oracle] shard 3/40
  [OV4_n250_oracle] shard 4/40
  [OV4_n250_oracle] shard 5/40
  [OV4_n250_oracle] shard 6/40
  [OV4_n250_oracle] shard 7/40
  [OV4_n250_oracle] shard 8/40
  [OV4_n250_oracle] shard 9/40
  [OV4_n250_oracle] shard 10/40
  [OV4_n250_oracle] shard 11/40
  [OV4_n250_oracle] shard 12/40
  [OV4_n250_oracle] shard 13/40
  [OV4_n250_oracle] shard 14/40
  [OV4_n250_oracle] shard 15/40
  [OV4_n250_oracle] shard 16/40
  [OV4_n250_oracle] shard 17/40
  [OV4_n250_oracle] shard 18/40
  [OV4_n250_oracle] shard 19/40
  [OV4_n250_oracle] shard 20/40
  [OV4_n250_oracle] shard 21/40
  [OV4_n250_oracle] shard 22/40
  [OV4_n250_oracle] shard 23/40
  [OV4_n250_oracle] shard 24/40
  [OV4_n250_oracle] shard 25/40
  [OV4_n250_oracle] shard 26/40
  [OV4_n250_oracle] shard 27/40
  [OV4_n250_oracle] shard 28/40
  [OV4_n250_oracle] shard 29/40
  [OV4_n250_oracle] shard 30/40
  [OV4_n250_oracle] shard 31/40
  [OV4_n250_oracle] shard 32/40
  [OV4_n250_oracle] shard 33/40
  [OV4_n250_oracle] shard 34/40
  [OV4_n250_oracle] shard 35/40
  [OV4_n250_oracle] shard 36/40
  [OV4_n250_oracle] shard 37/40
  [OV4_n250_oracle] shard 38/40
  [OV4_n250_oracle] shard 39/40
  [OV4_n250_oracle] shard 40/40
[sim.study_b] RA3_n250_oracle: n=250 arm=oracle reps=1000 wald-only
  [RA3_n250_oracle] shard 1/40
  [RA3_n250_oracle] shard 2/40
  [RA3_n250_oracle] shard 3/40
  [RA3_n250_oracle] shard 4/40
  [RA3_n250_oracle] shard 5/40
  [RA3_n250_oracle] shard 6/40
  [RA3_n250_oracle] shard 7/40
  [RA3_n250_oracle] shard 8/40
  [RA3_n250_oracle] shard 9/40
  [RA3_n250_oracle] shard 10/40
  [RA3_n250_oracle] shard 11/40
  [RA3_n250_oracle] shard 12/40
  [RA3_n250_oracle] shard 13/40
  [RA3_n250_oracle] shard 14/40
  [RA3_n250_oracle] shard 15/40
  [RA3_n250_oracle] shard 16/40
  [RA3_n250_oracle] shard 17/40
  [RA3_n250_oracle] shard 18/40
  [RA3_n250_oracle] shard 19/40
  [RA3_n250_oracle] shard 20/40
  [RA3_n250_oracle] shard 21/40
  [RA3_n250_oracle] shard 22/40
  [RA3_n250_oracle] shard 23/40
  [RA3_n250_oracle] shard 24/40
  [RA3_n250_oracle] shard 25/40
  [RA3_n250_oracle] shard 26/40
  [RA3_n250_oracle] shard 27/40
  [RA3_n250_oracle] shard 28/40
  [RA3_n250_oracle] shard 29/40
  [RA3_n250_oracle] shard 30/40
  [RA3_n250_oracle] shard 31/40
  [RA3_n250_oracle] shard 32/40
  [RA3_n250_oracle] shard 33/40
  [RA3_n250_oracle] shard 34/40
  [RA3_n250_oracle] shard 35/40
  [RA3_n250_oracle] shard 36/40
  [RA3_n250_oracle] shard 37/40
  [RA3_n250_oracle] shard 38/40
  [RA3_n250_oracle] shard 39/40
  [RA3_n250_oracle] shard 40/40
[sim.study_b] CN3_n250_oracle: n=250 arm=oracle reps=1000 wald-only
  [CN3_n250_oracle] shard 1/40
  [CN3_n250_oracle] shard 2/40
  [CN3_n250_oracle] shard 3/40
  [CN3_n250_oracle] shard 4/40
  [CN3_n250_oracle] shard 5/40
  [CN3_n250_oracle] shard 6/40
  [CN3_n250_oracle] shard 7/40
  [CN3_n250_oracle] shard 8/40
  [CN3_n250_oracle] shard 9/40
  [CN3_n250_oracle] shard 10/40
  [CN3_n250_oracle] shard 11/40
  [CN3_n250_oracle] shard 12/40
  [CN3_n250_oracle] shard 13/40
  [CN3_n250_oracle] shard 14/40
  [CN3_n250_oracle] shard 15/40
  [CN3_n250_oracle] shard 16/40
  [CN3_n250_oracle] shard 17/40
  [CN3_n250_oracle] shard 18/40
  [CN3_n250_oracle] shard 19/40
  [CN3_n250_oracle] shard 20/40
  [CN3_n250_oracle] shard 21/40
  [CN3_n250_oracle] shard 22/40
  [CN3_n250_oracle] shard 23/40
  [CN3_n250_oracle] shard 24/40
  [CN3_n250_oracle] shard 25/40
  [CN3_n250_oracle] shard 26/40
  [CN3_n250_oracle] shard 27/40
  [CN3_n250_oracle] shard 28/40
  [CN3_n250_oracle] shard 29/40
  [CN3_n250_oracle] shard 30/40
  [CN3_n250_oracle] shard 31/40
  [CN3_n250_oracle] shard 32/40
  [CN3_n250_oracle] shard 33/40
  [CN3_n250_oracle] shard 34/40
  [CN3_n250_oracle] shard 35/40
  [CN3_n250_oracle] shard 36/40
  [CN3_n250_oracle] shard 37/40
  [CN3_n250_oracle] shard 38/40
  [CN3_n250_oracle] shard 39/40
  [CN3_n250_oracle] shard 40/40
[sim.study_b] CN4_n250_oracle: n=250 arm=oracle reps=1000 wald-only
  [CN4_n250_oracle] shard 1/40
  [CN4_n250_oracle] shard 2/40
  [CN4_n250_oracle] shard 3/40
  [CN4_n250_oracle] shard 4/40
  [CN4_n250_oracle] shard 5/40
  [CN4_n250_oracle] shard 6/40
  [CN4_n250_oracle] shard 7/40
  [CN4_n250_oracle] shard 8/40
  [CN4_n250_oracle] shard 9/40
  [CN4_n250_oracle] shard 10/40
  [CN4_n250_oracle] shard 11/40
  [CN4_n250_oracle] shard 12/40
  [CN4_n250_oracle] shard 13/40
  [CN4_n250_oracle] shard 14/40
  [CN4_n250_oracle] shard 15/40
  [CN4_n250_oracle] shard 16/40
  [CN4_n250_oracle] shard 17/40
  [CN4_n250_oracle] shard 18/40
  [CN4_n250_oracle] shard 19/40
  [CN4_n250_oracle] shard 20/40
  [CN4_n250_oracle] shard 21/40
  [CN4_n250_oracle] shard 22/40
  [CN4_n250_oracle] shard 23/40
  [CN4_n250_oracle] shard 24/40
  [CN4_n250_oracle] shard 25/40
  [CN4_n250_oracle] shard 26/40
  [CN4_n250_oracle] shard 27/40
  [CN4_n250_oracle] shard 28/40
  [CN4_n250_oracle] shard 29/40
  [CN4_n250_oracle] shard 30/40
  [CN4_n250_oracle] shard 31/40
  [CN4_n250_oracle] shard 32/40
  [CN4_n250_oracle] shard 33/40
  [CN4_n250_oracle] shard 34/40
  [CN4_n250_oracle] shard 35/40
  [CN4_n250_oracle] shard 36/40
  [CN4_n250_oracle] shard 37/40
  [CN4_n250_oracle] shard 38/40
  [CN4_n250_oracle] shard 39/40
  [CN4_n250_oracle] shard 40/40
[sim.study_b] OV3mn025_n250_correct: n=250 arm=correct reps=500 wald-only
  [OV3mn025_n250_correct] shard 1/20
  [OV3mn025_n250_correct] shard 2/20
  [OV3mn025_n250_correct] shard 3/20
  [OV3mn025_n250_correct] shard 4/20
  [OV3mn025_n250_correct] shard 5/20
  [OV3mn025_n250_correct] shard 6/20
  [OV3mn025_n250_correct] shard 7/20
  [OV3mn025_n250_correct] shard 8/20
  [OV3mn025_n250_correct] shard 9/20
  [OV3mn025_n250_correct] shard 10/20
  [OV3mn025_n250_correct] shard 11/20
  [OV3mn025_n250_correct] shard 12/20
  [OV3mn025_n250_correct] shard 13/20
  [OV3mn025_n250_correct] shard 14/20
  [OV3mn025_n250_correct] shard 15/20
  [OV3mn025_n250_correct] shard 16/20
  [OV3mn025_n250_correct] shard 17/20
  [OV3mn025_n250_correct] shard 18/20
  [OV3mn025_n250_correct] shard 19/20
  [OV3mn025_n250_correct] shard 20/20
[sim.study_b] OV3mn05_n250_correct: n=250 arm=correct reps=500 wald-only
  [OV3mn05_n250_correct] shard 1/20
  [OV3mn05_n250_correct] shard 2/20
  [OV3mn05_n250_correct] shard 3/20
  [OV3mn05_n250_correct] shard 4/20
  [OV3mn05_n250_correct] shard 5/20
  [OV3mn05_n250_correct] shard 6/20
  [OV3mn05_n250_correct] shard 7/20
  [OV3mn05_n250_correct] shard 8/20
  [OV3mn05_n250_correct] shard 9/20
  [OV3mn05_n250_correct] shard 10/20
  [OV3mn05_n250_correct] shard 11/20
  [OV3mn05_n250_correct] shard 12/20
  [OV3mn05_n250_correct] shard 13/20
  [OV3mn05_n250_correct] shard 14/20
  [OV3mn05_n250_correct] shard 15/20
  [OV3mn05_n250_correct] shard 16/20
  [OV3mn05_n250_correct] shard 17/20
  [OV3mn05_n250_correct] shard 18/20
  [OV3mn05_n250_correct] shard 19/20
  [OV3mn05_n250_correct] shard 20/20
[sim.study_b] OV3mn1_n250_correct: n=250 arm=correct reps=500 wald-only
  [OV3mn1_n250_correct] shard 1/20
  [OV3mn1_n250_correct] shard 2/20
  [OV3mn1_n250_correct] shard 3/20
  [OV3mn1_n250_correct] shard 4/20
  [OV3mn1_n250_correct] shard 5/20
  [OV3mn1_n250_correct] shard 6/20
  [OV3mn1_n250_correct] shard 7/20
  [OV3mn1_n250_correct] shard 8/20
  [OV3mn1_n250_correct] shard 9/20
  [OV3mn1_n250_correct] shard 10/20
  [OV3mn1_n250_correct] shard 11/20
  [OV3mn1_n250_correct] shard 12/20
  [OV3mn1_n250_correct] shard 13/20
  [OV3mn1_n250_correct] shard 14/20
  [OV3mn1_n250_correct] shard 15/20
  [OV3mn1_n250_correct] shard 16/20
  [OV3mn1_n250_correct] shard 17/20
  [OV3mn1_n250_correct] shard 18/20
  [OV3mn1_n250_correct] shard 19/20
  [OV3mn1_n250_correct] shard 20/20
[sim.study_b] CN3mn025_n250_correct: n=250 arm=correct reps=500 wald-only
  [CN3mn025_n250_correct] shard 1/20
  [CN3mn025_n250_correct] shard 2/20
  [CN3mn025_n250_correct] shard 3/20
  [CN3mn025_n250_correct] shard 4/20
  [CN3mn025_n250_correct] shard 5/20
  [CN3mn025_n250_correct] shard 6/20
  [CN3mn025_n250_correct] shard 7/20
  [CN3mn025_n250_correct] shard 8/20
  [CN3mn025_n250_correct] shard 9/20
  [CN3mn025_n250_correct] shard 10/20
  [CN3mn025_n250_correct] shard 11/20
  [CN3mn025_n250_correct] shard 12/20
  [CN3mn025_n250_correct] shard 13/20
  [CN3mn025_n250_correct] shard 14/20
  [CN3mn025_n250_correct] shard 15/20
  [CN3mn025_n250_correct] shard 16/20
  [CN3mn025_n250_correct] shard 17/20
  [CN3mn025_n250_correct] shard 18/20
  [CN3mn025_n250_correct] shard 19/20
  [CN3mn025_n250_correct] shard 20/20
[sim.study_b] CN3mn05_n250_correct: n=250 arm=correct reps=500 wald-only
  [CN3mn05_n250_correct] shard 1/20
  [CN3mn05_n250_correct] shard 2/20
  [CN3mn05_n250_correct] shard 3/20
  [CN3mn05_n250_correct] shard 4/20
  [CN3mn05_n250_correct] shard 5/20
  [CN3mn05_n250_correct] shard 6/20
  [CN3mn05_n250_correct] shard 7/20
  [CN3mn05_n250_correct] shard 8/20
  [CN3mn05_n250_correct] shard 9/20
  [CN3mn05_n250_correct] shard 10/20
  [CN3mn05_n250_correct] shard 11/20
  [CN3mn05_n250_correct] shard 12/20
  [CN3mn05_n250_correct] shard 13/20
  [CN3mn05_n250_correct] shard 14/20
  [CN3mn05_n250_correct] shard 15/20
  [CN3mn05_n250_correct] shard 16/20
  [CN3mn05_n250_correct] shard 17/20
  [CN3mn05_n250_correct] shard 18/20
  [CN3mn05_n250_correct] shard 19/20
  [CN3mn05_n250_correct] shard 20/20
[sim.study_b] CN3mn1_n250_correct: n=250 arm=correct reps=500 wald-only
  [CN3mn1_n250_correct] shard 1/20
  [CN3mn1_n250_correct] shard 2/20
  [CN3mn1_n250_correct] shard 3/20
  [CN3mn1_n250_correct] shard 4/20
  [CN3mn1_n250_correct] shard 5/20
  [CN3mn1_n250_correct] shard 6/20
  [CN3mn1_n250_correct] shard 7/20
  [CN3mn1_n250_correct] shard 8/20
  [CN3mn1_n250_correct] shard 9/20
  [CN3mn1_n250_correct] shard 10/20
  [CN3mn1_n250_correct] shard 11/20
  [CN3mn1_n250_correct] shard 12/20
  [CN3mn1_n250_correct] shard 13/20
  [CN3mn1_n250_correct] shard 14/20
  [CN3mn1_n250_correct] shard 15/20
  [CN3mn1_n250_correct] shard 16/20
  [CN3mn1_n250_correct] shard 17/20
  [CN3mn1_n250_correct] shard 18/20
  [CN3mn1_n250_correct] shard 19/20
  [CN3mn1_n250_correct] shard 20/20
[sim.study_b] RA3mu1000_n250_correct: n=250 arm=correct reps=1000 wald-only
  [RA3mu1000_n250_correct] shard 1/40
  [RA3mu1000_n250_correct] shard 2/40
  [RA3mu1000_n250_correct] shard 3/40
  [RA3mu1000_n250_correct] shard 4/40
  [RA3mu1000_n250_correct] shard 5/40
  [RA3mu1000_n250_correct] shard 6/40
  [RA3mu1000_n250_correct] shard 7/40
  [RA3mu1000_n250_correct] shard 8/40
  [RA3mu1000_n250_correct] shard 9/40
  [RA3mu1000_n250_correct] shard 10/40
  [RA3mu1000_n250_correct] shard 11/40
  [RA3mu1000_n250_correct] shard 12/40
  [RA3mu1000_n250_correct] shard 13/40
  [RA3mu1000_n250_correct] shard 14/40
  [RA3mu1000_n250_correct] shard 15/40
  [RA3mu1000_n250_correct] shard 16/40
  [RA3mu1000_n250_correct] shard 17/40
  [RA3mu1000_n250_correct] shard 18/40
  [RA3mu1000_n250_correct] shard 19/40
  [RA3mu1000_n250_correct] shard 20/40
  [RA3mu1000_n250_correct] shard 21/40
  [RA3mu1000_n250_correct] shard 22/40
  [RA3mu1000_n250_correct] shard 23/40
  [RA3mu1000_n250_correct] shard 24/40
  [RA3mu1000_n250_correct] shard 25/40
  [RA3mu1000_n250_correct] shard 26/40
  [RA3mu1000_n250_correct] shard 27/40
  [RA3mu1000_n250_correct] shard 28/40
  [RA3mu1000_n250_correct] shard 29/40
  [RA3mu1000_n250_correct] shard 30/40
  [RA3mu1000_n250_correct] shard 31/40
  [RA3mu1000_n250_correct] shard 32/40
  [RA3mu1000_n250_correct] shard 33/40
  [RA3mu1000_n250_correct] shard 34/40
  [RA3mu1000_n250_correct] shard 35/40
  [RA3mu1000_n250_correct] shard 36/40
  [RA3mu1000_n250_correct] shard 37/40
  [RA3mu1000_n250_correct] shard 38/40
  [RA3mu1000_n250_correct] shard 39/40
  [RA3mu1000_n250_correct] shard 40/40
[sim.study_b] BS12_n250_oracle: n=250 arm=oracle reps=250 B=100
[sim.study_b] B_OV2_n250_correct: n=250 arm=correct reps=150 B=100
  [B_OV2_n250_correct] shard 1/30
  [B_OV2_n250_correct] shard 2/30
  [B_OV2_n250_correct] shard 3/30
  [B_OV2_n250_correct] shard 4/30
  [B_OV2_n250_correct] shard 5/30
  [B_OV2_n250_correct] shard 6/30
  [B_OV2_n250_correct] shard 7/30
  [B_OV2_n250_correct] shard 8/30
  [B_OV2_n250_correct] shard 9/30
  [B_OV2_n250_correct] shard 10/30
  [B_OV2_n250_correct] shard 11/30
  [B_OV2_n250_correct] shard 12/30
  [B_OV2_n250_correct] shard 13/30
  [B_OV2_n250_correct] shard 14/30
  [B_OV2_n250_correct] shard 15/30
  [B_OV2_n250_correct] shard 16/30
  [B_OV2_n250_correct] shard 17/30
  [B_OV2_n250_correct] shard 18/30
  [B_OV2_n250_correct] shard 19/30
  [B_OV2_n250_correct] shard 20/30
  [B_OV2_n250_correct] shard 21/30
  [B_OV2_n250_correct] shard 22/30
  [B_OV2_n250_correct] shard 23/30
  [B_OV2_n250_correct] shard 24/30
  [B_OV2_n250_correct] shard 25/30
  [B_OV2_n250_correct] shard 26/30
  [B_OV2_n250_correct] shard 27/30
  [B_OV2_n250_correct] shard 28/30
  [B_OV2_n250_correct] shard 29/30
  [B_OV2_n250_correct] shard 30/30
[sim.study_b] B_OV3_n250_correct: n=250 arm=correct reps=150 B=100
  [B_OV3_n250_correct] shard 1/30
  [B_OV3_n250_correct] shard 2/30
  [B_OV3_n250_correct] shard 3/30
  [B_OV3_n250_correct] shard 4/30
  [B_OV3_n250_correct] shard 5/30
  [B_OV3_n250_correct] shard 6/30
  [B_OV3_n250_correct] shard 7/30
  [B_OV3_n250_correct] shard 8/30
  [B_OV3_n250_correct] shard 9/30
  [B_OV3_n250_correct] shard 10/30
  [B_OV3_n250_correct] shard 11/30
  [B_OV3_n250_correct] shard 12/30
  [B_OV3_n250_correct] shard 13/30
  [B_OV3_n250_correct] shard 14/30
  [B_OV3_n250_correct] shard 15/30
  [B_OV3_n250_correct] shard 16/30
  [B_OV3_n250_correct] shard 17/30
  [B_OV3_n250_correct] shard 18/30
  [B_OV3_n250_correct] shard 19/30
  [B_OV3_n250_correct] shard 20/30
  [B_OV3_n250_correct] shard 21/30
  [B_OV3_n250_correct] shard 22/30
  [B_OV3_n250_correct] shard 23/30
  [B_OV3_n250_correct] shard 24/30
  [B_OV3_n250_correct] shard 25/30
  [B_OV3_n250_correct] shard 26/30
  [B_OV3_n250_correct] shard 27/30
  [B_OV3_n250_correct] shard 28/30
  [B_OV3_n250_correct] shard 29/30
  [B_OV3_n250_correct] shard 30/30
[sim.study_b] B_RA3_n250_correct: n=250 arm=correct reps=150 B=100
  [B_RA3_n250_correct] shard 1/30
  [B_RA3_n250_correct] shard 2/30
  [B_RA3_n250_correct] shard 3/30
  [B_RA3_n250_correct] shard 4/30
  [B_RA3_n250_correct] shard 5/30
  [B_RA3_n250_correct] shard 6/30
  [B_RA3_n250_correct] shard 7/30
  [B_RA3_n250_correct] shard 8/30
  [B_RA3_n250_correct] shard 9/30
  [B_RA3_n250_correct] shard 10/30
[sim.study_b] W_n250_oracle: n=250 arm=oracle reps=1000 wald-only
[sim.study_b] W_n250_correct: n=250 arm=correct reps=1000 wald-only
[sim.study_b] W_n500_oracle: n=500 arm=oracle reps=1000 wald-only
[sim.study_b] W_n500_correct: n=500 arm=correct reps=1000 wald-only
[sim.study_b] W_n1000_oracle: n=1000 arm=oracle reps=1000 wald-only
[sim.study_b] W_n1000_correct: n=1000 arm=correct reps=1000 wald-only
[sim.study_b] W_n2000_oracle: n=2000 arm=oracle reps=500 wald-only
[sim.study_b] W_n2000_correct: n=2000 arm=correct reps=500 wald-only
[sim.study_b] OV1_n250_correct: n=250 arm=correct reps=1000 wald-only
[sim.study_b] OV2_n250_correct: n=250 arm=correct reps=1000 wald-only
[sim.study_b] OV3_n250_correct: n=250 arm=correct reps=1000 wald-only
[sim.study_b] OV4_n250_correct: n=250 arm=correct reps=1000 wald-only
[sim.study_b] RA1_n250_correct: n=250 arm=correct reps=1000 wald-only
[sim.study_b] RA2_n250_correct: n=250 arm=correct reps=1000 wald-only
[sim.study_b] RA3_n250_correct: n=250 arm=correct reps=1000 wald-only
[sim.study_b] CN0_n250_correct: n=250 arm=correct reps=1000 wald-only
[sim.study_b] CN1_n250_correct: n=250 arm=correct reps=1000 wald-only
[sim.study_b] CN2_n250_correct: n=250 arm=correct reps=1000 wald-only
[sim.study_b] CN3_n250_correct: n=250 arm=correct reps=1000 wald-only
[sim.study_b] CN4_n250_correct: n=250 arm=correct reps=1000 wald-only
[sim.study_b] NULL_n250_correct: n=250 arm=correct reps=1000 wald-only
[sim.study_b] OV1_n500_correct: n=500 arm=correct reps=500 wald-only
[sim.study_b] OV2_n500_correct: n=500 arm=correct reps=500 wald-only
[sim.study_b] OV3_n500_correct: n=500 arm=correct reps=500 wald-only
[sim.study_b] RA1_n500_correct: n=500 arm=correct reps=500 wald-only
[sim.study_b] RA2_n500_correct: n=500 arm=correct reps=500 wald-only
[sim.study_b] RA3_n500_correct: n=500 arm=correct reps=500 wald-only
[sim.study_b] CN0_n500_correct: n=500 arm=correct reps=500 wald-only
[sim.study_b] CN1_n500_correct: n=500 arm=correct reps=500 wald-only
[sim.study_b] CN2_n500_correct: n=500 arm=correct reps=500 wald-only
[sim.study_b] CN3_n500_correct: n=500 arm=correct reps=500 wald-only
[sim.study_b] NULL_n500_correct: n=500 arm=correct reps=500 wald-only
[sim.study_b] OV3_n250_oracle: n=250 arm=oracle reps=1000 wald-only
[sim.study_b] OV4_n250_oracle: n=250 arm=oracle reps=1000 wald-only
[sim.study_b] RA3_n250_oracle: n=250 arm=oracle reps=1000 wald-only
[sim.study_b] CN3_n250_oracle: n=250 arm=oracle reps=1000 wald-only
[sim.study_b] CN4_n250_oracle: n=250 arm=oracle reps=1000 wald-only
[sim.study_b] OV3mn025_n250_correct: n=250 arm=correct reps=500 wald-only
[sim.study_b] OV3mn05_n250_correct: n=250 arm=correct reps=500 wald-only
[sim.study_b] OV3mn1_n250_correct: n=250 arm=correct reps=500 wald-only
[sim.study_b] CN3mn025_n250_correct: n=250 arm=correct reps=500 wald-only
[sim.study_b] CN3mn05_n250_correct: n=250 arm=correct reps=500 wald-only
[sim.study_b] CN3mn1_n250_correct: n=250 arm=correct reps=500 wald-only
[sim.study_b] RA3mu1000_n250_correct: n=250 arm=correct reps=1000 wald-only
[sim.study_b] BS12_n250_oracle: n=250 arm=oracle reps=250 B=100
[sim.study_b] B_OV2_n250_correct: n=250 arm=correct reps=150 B=100
[sim.study_b] B_OV3_n250_correct: n=250 arm=correct reps=150 B=100
[sim.study_b] B_RA3_n250_correct: n=250 arm=correct reps=150 B=100
  [B_RA3_n250_correct] shard 11/30
  [B_RA3_n250_correct] shard 12/30
  [B_RA3_n250_correct] shard 13/30
  [B_RA3_n250_correct] shard 14/30
  [B_RA3_n250_correct] shard 15/30
  [B_RA3_n250_correct] shard 16/30
  [B_RA3_n250_correct] shard 17/30
  [B_RA3_n250_correct] shard 18/30
  [B_RA3_n250_correct] shard 19/30
  [B_RA3_n250_correct] shard 20/30
  [B_RA3_n250_correct] shard 21/30
  [B_RA3_n250_correct] shard 22/30
  [B_RA3_n250_correct] shard 23/30
  [B_RA3_n250_correct] shard 24/30
  [B_RA3_n250_correct] shard 25/30
  [B_RA3_n250_correct] shard 26/30
  [B_RA3_n250_correct] shard 27/30
  [B_RA3_n250_correct] shard 28/30
  [B_RA3_n250_correct] shard 29/30
  [B_RA3_n250_correct] shard 30/30
[sim.study_b] B_BASEb500_n250_oracle: n=250 arm=oracle reps=100 B=500
[sim.study_b] B_RA2_n250_correct: n=250 arm=correct reps=150 B=100
  [B_RA2_n250_correct] shard 1/30
  [B_RA2_n250_correct] shard 2/30
  [B_RA2_n250_correct] shard 3/30
  [B_RA2_n250_correct] shard 4/30
  [B_RA2_n250_correct] shard 5/30
  [B_RA2_n250_correct] shard 6/30
  [B_RA2_n250_correct] shard 7/30
  [B_RA2_n250_correct] shard 8/30
  [B_RA2_n250_correct] shard 9/30
  [B_RA2_n250_correct] shard 10/30
  [B_RA2_n250_correct] shard 11/30
  [B_RA2_n250_correct] shard 12/30
  [B_RA2_n250_correct] shard 13/30
  [B_RA2_n250_correct] shard 14/30
  [B_RA2_n250_correct] shard 15/30
  [B_RA2_n250_correct] shard 16/30
  [B_RA2_n250_correct] shard 17/30
  [B_RA2_n250_correct] shard 18/30
  [B_RA2_n250_correct] shard 19/30
  [B_RA2_n250_correct] shard 20/30
  [B_RA2_n250_correct] shard 21/30
  [B_RA2_n250_correct] shard 22/30
  [B_RA2_n250_correct] shard 23/30
  [B_RA2_n250_correct] shard 24/30
  [B_RA2_n250_correct] shard 25/30
  [B_RA2_n250_correct] shard 26/30
  [B_RA2_n250_correct] shard 27/30
  [B_RA2_n250_correct] shard 28/30
  [B_RA2_n250_correct] shard 29/30
  [B_RA2_n250_correct] shard 30/30
[sim.study_b] B_OV4_n250_correct: n=250 arm=correct reps=150 B=100
  [B_OV4_n250_correct] shard 1/30
  [B_OV4_n250_correct] shard 2/30
  [B_OV4_n250_correct] shard 3/30
  [B_OV4_n250_correct] shard 4/30
  [B_OV4_n250_correct] shard 5/30
  [B_OV4_n250_correct] shard 6/30
  [B_OV4_n250_correct] shard 7/30
  [B_OV4_n250_correct] shard 8/30
  [B_OV4_n250_correct] shard 9/30
  [B_OV4_n250_correct] shard 10/30
  [B_OV4_n250_correct] shard 11/30
  [B_OV4_n250_correct] shard 12/30
  [B_OV4_n250_correct] shard 13/30
  [B_OV4_n250_correct] shard 14/30
  [B_OV4_n250_correct] shard 15/30
  [B_OV4_n250_correct] shard 16/30
  [B_OV4_n250_correct] shard 17/30
  [B_OV4_n250_correct] shard 18/30
  [B_OV4_n250_correct] shard 19/30
  [B_OV4_n250_correct] shard 20/30
  [B_OV4_n250_correct] shard 21/30
  [B_OV4_n250_correct] shard 22/30
  [B_OV4_n250_correct] shard 23/30
  [B_OV4_n250_correct] shard 24/30
  [B_OV4_n250_correct] shard 25/30
  [B_OV4_n250_correct] shard 26/30
  [B_OV4_n250_correct] shard 27/30
  [B_OV4_n250_correct] shard 28/30
  [B_OV4_n250_correct] shard 29/30
  [B_OV4_n250_correct] shard 30/30
[sim.study_b] done
